22:09:36 **** Build of configuration Debug for project Hello_LCD ****
make all 
make --no-print-directory pre-build
a9-linaro-pre-build-step
' '
make --no-print-directory main-build
'Building file: ../src/main.c'
'Invoking: ARM v7 gcc compiler'
arm-none-eabi-gcc -Wall -O0 -g3 -c -fmessage-length=0 -MT"src/main.o" -mcpu=cortex-a9 -mfpu=vfpv3 -mfloat-abi=hard -IC:/Users/USER/Desktop/EBAZ4205/XilinxFPGA_SE/EBZA4205/05_Zynq7000/vitis_adapter/EBZA4205_adapter/export/EBZA4205_adapter/sw/EBZA4205_adapter/standalone_domain/bspinclude/include -MMD -MP -MF"src/main.d" -MT"src/main.o" -o "src/main.o" "../src/main.c"
'Finished building: ../src/main.c'
' '
'Building file: ../src/platform.c'
'Invoking: ARM v7 gcc compiler'
arm-none-eabi-gcc -Wall -O0 -g3 -c -fmessage-length=0 -MT"src/platform.o" -mcpu=cortex-a9 -mfpu=vfpv3 -mfloat-abi=hard -IC:/Users/USER/Desktop/EBAZ4205/XilinxFPGA_SE/EBZA4205/05_Zynq7000/vitis_adapter/EBZA4205_adapter/export/EBZA4205_adapter/sw/EBZA4205_adapter/standalone_domain/bspinclude/include -MMD -MP -MF"src/platform.d" -MT"src/platform.o" -o "src/platform.o" "../src/platform.c"
'Finished building: ../src/platform.c'
' '
'Building target: Hello_LCD.elf'
'Invoking: ARM v7 gcc linker'
arm-none-eabi-gcc -mcpu=cortex-a9 -mfpu=vfpv3 -mfloat-abi=hard -Wl,-build-id=none -specs=Xilinx.spec -Wl,-T -Wl,../src/lscript.ld -LC:/Users/USER/Desktop/EBAZ4205/XilinxFPGA_SE/EBZA4205/05_Zynq7000/vitis_adapter/EBZA4205_adapter/export/EBZA4205_adapter/sw/EBZA4205_adapter/standalone_domain/bsplib/lib -o "Hello_LCD.elf"  ./src/main.o ./src/platform.o   -Wl,--start-group,-lxil,-lgcc,-lc,--end-group
'Finished building target: Hello_LCD.elf'
' '
'Invoking: ARM v7 Print Size'
arm-none-eabi-size Hello_LCD.elf  |tee "Hello_LCD.elf.size"
   text	   data	    bss	    dec	    hex	filename
  27953	   1152	  22616	  51721	   ca09	Hello_LCD.elf
'Finished building: Hello_LCD.elf.size'
' '

22:09:41 Build Finished (took 4s.595ms)

