15:56:22 **** Build of configuration Debug for project Memory ****
make all 
make --no-print-directory pre-build
a9-linaro-pre-build-step
' '
make --no-print-directory main-build
'Building file: ../src/memory_config_g.c'
'Invoking: ARM v7 gcc compiler'
arm-none-eabi-gcc -Wall -O0 -g3 -c -fmessage-length=0 -MT"src/memory_config_g.o" -mcpu=cortex-a9 -mfpu=vfpv3 -mfloat-abi=hard -IC:/Users/USER/Desktop/EBAZ4205/XilinxFPGA_SE/EBZA4205/05_Zynq7000/vitis_lcd/EBAZ4205_LCD/export/EBAZ4205_LCD/sw/EBAZ4205_LCD/standalone_domain/bspinclude/include -MMD -MP -MF"src/memory_config_g.d" -MT"src/memory_config_g.o" -o "src/memory_config_g.o" "../src/memory_config_g.c"
'Finished building: ../src/memory_config_g.c'
' '
'Building file: ../src/memorytest.c'
'Invoking: ARM v7 gcc compiler'
arm-none-eabi-gcc -Wall -O0 -g3 -c -fmessage-length=0 -MT"src/memorytest.o" -mcpu=cortex-a9 -mfpu=vfpv3 -mfloat-abi=hard -IC:/Users/USER/Desktop/EBAZ4205/XilinxFPGA_SE/EBZA4205/05_Zynq7000/vitis_lcd/EBAZ4205_LCD/export/EBAZ4205_LCD/sw/EBAZ4205_LCD/standalone_domain/bspinclude/include -MMD -MP -MF"src/memorytest.d" -MT"src/memorytest.o" -o "src/memorytest.o" "../src/memorytest.c"
'Finished building: ../src/memorytest.c'
' '
'Building file: ../src/platform.c'
'Invoking: ARM v7 gcc compiler'
arm-none-eabi-gcc -Wall -O0 -g3 -c -fmessage-length=0 -MT"src/platform.o" -mcpu=cortex-a9 -mfpu=vfpv3 -mfloat-abi=hard -IC:/Users/USER/Desktop/EBAZ4205/XilinxFPGA_SE/EBZA4205/05_Zynq7000/vitis_lcd/EBAZ4205_LCD/export/EBAZ4205_LCD/sw/EBAZ4205_LCD/standalone_domain/bspinclude/include -MMD -MP -MF"src/platform.d" -MT"src/platform.o" -o "src/platform.o" "../src/platform.c"
'Finished building: ../src/platform.c'
' '
'Building target: Memory.elf'
'Invoking: ARM v7 gcc linker'
arm-none-eabi-gcc -mcpu=cortex-a9 -mfpu=vfpv3 -mfloat-abi=hard -Wl,-build-id=none -specs=Xilinx.spec -Wl,-T -Wl,../src/lscript.ld -LC:/Users/USER/Desktop/EBAZ4205/XilinxFPGA_SE/EBZA4205/05_Zynq7000/vitis_lcd/EBAZ4205_LCD/export/EBAZ4205_LCD/sw/EBAZ4205_LCD/standalone_domain/bsplib/lib -o "Memory.elf"  ./src/memory_config_g.o ./src/memorytest.o ./src/platform.o   -Wl,--start-group,-lxil,-lgcc,-lc,--end-group
'Finished building target: Memory.elf'
' '
'Invoking: ARM v7 Print Size'
arm-none-eabi-size Memory.elf  |tee "Memory.elf.size"
   text	   data	    bss	    dec	    hex	filename
  28646	   1184	  14392	  44222	   acbe	Memory.elf
'Finished building: Memory.elf.size'
' '

15:56:27 Build Finished (took 4s.665ms)

