Nothing to build in platform 'EBAZ4205_1'

11:21:18 **** Incremental Build of configuration Debug for project hello ****
make all 
make --no-print-directory pre-build
a9-linaro-pre-build-step
' '
make --no-print-directory main-build
'Building file: ../src/helloworld.c'
'Invoking: ARM v7 gcc compiler'
arm-none-eabi-gcc -Wall -O0 -g3 -c -fmessage-length=0 -MT"src/helloworld.o" -mcpu=cortex-a9 -mfpu=vfpv3 -mfloat-abi=hard -IC:/Users/USER/Desktop/EBAZ4205/XilinxFPGA_SE/EBZA4205/05_Zynq7000/vitis_uart/EBAZ4205_1/export/EBAZ4205_1/sw/EBAZ4205_1/standalone_ps7_cortexa9_0/bspinclude/include -MMD -MP -MF"src/helloworld.d" -MT"src/helloworld.o" -o "src/helloworld.o" "../src/helloworld.c"
'Finished building: ../src/helloworld.c'
' '
'Building target: hello.elf'
'Invoking: ARM v7 gcc linker'
arm-none-eabi-gcc -mcpu=cortex-a9 -mfpu=vfpv3 -mfloat-abi=hard -Wl,-build-id=none -specs=Xilinx.spec -Wl,-T -Wl,../src/lscript.ld -LC:/Users/USER/Desktop/EBAZ4205/XilinxFPGA_SE/EBZA4205/05_Zynq7000/vitis_uart/EBAZ4205_1/export/EBAZ4205_1/sw/EBAZ4205_1/standalone_ps7_cortexa9_0/bsplib/lib -o "hello.elf"  ./src/helloworld.o ./src/platform.o   -Wl,--start-group,-lxil,-lgcc,-lc,--end-group
'Finished building target: hello.elf'
' '
'Invoking: ARM v7 Print Size'
arm-none-eabi-size hello.elf  |tee "hello.elf.size"
   text	   data	    bss	    dec	    hex	filename
  19108	   1144	  22568	  42820	   a744	hello.elf
'Finished building: hello.elf.size'
' '
11:21:21 **** Incremental Build of configuration Debug for project hello_system ****
make all 
Generating bif file for the system project
generate_system_bif.bat 50524 C:/Users/USER/Desktop/EBAZ4205/XilinxFPGA_SE/EBZA4205/05_Zynq7000/vitis_uart/EBAZ4205_1/export/EBAZ4205_1/EBAZ4205_1.xpfm standalone_ps7_cortexa9_0 C:/Users/USER/Desktop/EBAZ4205/XilinxFPGA_SE/EBZA4205/05_Zynq7000/vitis_uart/hello_system/Debug/system.bif
ECHO は <OFF> です。
ECHO は <OFF> です。
sdcard_gen --xpfm C:/Users/USER/Desktop/EBAZ4205/XilinxFPGA_SE/EBZA4205/05_Zynq7000/vitis_uart/EBAZ4205_1/export/EBAZ4205_1/EBAZ4205_1.xpfm --sys_config EBAZ4205_1 --bif C:/Users/USER/Desktop/EBAZ4205/XilinxFPGA_SE/EBZA4205/05_Zynq7000/vitis_uart/hello_system/Debug/system.bif --bitstream C:/Users/USER/Desktop/EBAZ4205/XilinxFPGA_SE/EBZA4205/05_Zynq7000/vitis_uart/hello/_ide/bitstream/design_1_wrapper.bit --elf C:/Users/USER/Desktop/EBAZ4205/XilinxFPGA_SE/EBZA4205/05_Zynq7000/vitis_uart/hello/Debug/hello.elf,ps7_cortexa9_0
ECHO は <OFF> です。
ECHO は <OFF> です。
creating BOOT.BIN using C:/Users/USER/Desktop/EBAZ4205/XilinxFPGA_SE/EBZA4205/05_Zynq7000/vitis_uart/hello/_ide/bitstream/design_1_wrapper.bit
Running C:/Xilinx/Vitis/2023.2/bin/bootgen  -image C:/Users/USER/Desktop/EBAZ4205/XilinxFPGA_SE/EBZA4205/05_Zynq7000/vitis_uart/hello_system/Debug/sd_card_temp/boot.bif -w -o i BOOT.BIN
