#-----------------------------------------------------------
# Vivado v2018.3 (64-bit)
# SW Build 2405991 on Thu Dec  6 23:38:27 MST 2018
# IP Build 2404404 on Fri Dec  7 01:43:56 MST 2018
# Start of session at: Thu Jul 28 15:01:08 2022
# Process ID: 1876
# Current directory: D:/ZYNQ_PROJECT/PS/PS_LED_BEEP
# Command line: vivado.exe -gui_launcher_event rodinguilauncherevent24620 D:\ZYNQ_PROJECT\PS\PS_LED_BEEP\PS_LED_BEEP.xpr
# Log file: D:/ZYNQ_PROJECT/PS/PS_LED_BEEP/vivado.log
# Journal file: D:/ZYNQ_PROJECT/PS/PS_LED_BEEP\vivado.jou
#-----------------------------------------------------------
start_gui
open_project D:/ZYNQ_PROJECT/PS/PS_LED_BEEP/PS_LED_BEEP.xpr
open_hw
update_compile_order -fileset sources_1
connect_hw_server
open_hw_target
set_property PROGRAM.FILE {D:/ZYNQ_PROJECT/PS/PS_LED_BEEP/PS_LED_BEEP.runs/impl_1/LED_BEEP_wrapper.bit} [get_hw_devices xc7z010_1]
current_hw_device [get_hw_devices xc7z010_1]
refresh_hw_device -update_hw_probes false [lindex [get_hw_devices xc7z010_1] 0]
file copy -force D:/ZYNQ_PROJECT/PS/PS_LED_BEEP/PS_LED_BEEP.runs/impl_1/LED_BEEP_wrapper.sysdef D:/ZYNQ_PROJECT/PS/PS_LED_BEEP/PS_LED_BEEP.sdk/LED_BEEP_wrapper.hdf

launch_sdk -workspace D:/ZYNQ_PROJECT/PS/PS_LED_BEEP/PS_LED_BEEP.sdk -hwspec D:/ZYNQ_PROJECT/PS/PS_LED_BEEP/PS_LED_BEEP.sdk/LED_BEEP_wrapper.hdf
